
> returnguard-frontend@0.0.0 build
> tsc && vite build

src/components/ui/button.tsx(2,1): error TS6133: 'Slot' is declared but its value is never read.
src/components/ui/button.tsx(3,1): error TS6192: All imports in import declaration are unused.
src/context/AuthContext.tsx(1,8): error TS6133: 'React' is declared but its value is never read.
src/Dashboard.tsx(1,8): error TS6133: 'React' is declared but its value is never read.
src/main.tsx(1,1): error TS6133: 'React' is declared but its value is never read.
src/main.tsx(11,6): error TS2741: Property 'i18n' is missing in type '{ children: Element; }' but required in type 'Readonly<AppProviderProps>'.
src/pages/Dashboard.tsx(11,5): error TS6133: 'AlertCircle' is declared but its value is never read.
src/pages/Dashboard.tsx(13,5): error TS6133: 'Settings' is declared but its value is never read.
src/pages/Dashboard.tsx(17,5): error TS2724: '"lucide-react"' has no exported member named 'ShieldInfo'. Did you mean 'ShieldIcon'?
src/pages/Dashboard.tsx(19,18): error TS6133: 'AnimatePresence' is declared but its value is never read.
src/pages/OrdersHistory.tsx(1,18): error TS6133: 'CheckCircle' is declared but its value is never read.
src/pages/OrdersHistory.tsx(1,31): error TS6133: 'Clock' is declared but its value is never read.
src/pages/OrdersHistory.tsx(1,73): error TS6133: 'Download' is declared but its value is never read.
src/pages/OrdersHistory.tsx(178,30): error TS2304: Cannot find name 'Package'.
src/pages/OrderSimulator.tsx(5,60): error TS6133: 'Clock' is declared but its value is never read.
src/pages/OrderSimulator.tsx(14,12): error TS6133: 'error' is declared but its value is never read.
src/pages/ReturnPortal.tsx(2,39): error TS6133: 'CardDescription' is declared but its value is never read.
node.exe : npm error Lifecycle script `build` failed with error:
At line:1 char:1
+ & "C:\Program Files\nodejs/node.exe" "C:\Program Files\nodejs/node_mo ...
+ ~~~~~~~~~~~~~~~~~~~~~~~~~~~~~~~~~~~~~~~~~~~~~~~~~~~~~~~~~~~~~~~~~~~~~
    + CategoryInfo          : NotSpecified: (npm error Lifec...led with erro 
   r::String) [], RemoteException
    + FullyQualifiedErrorId : NativeCommandError
 
npm error code 2
npm error path F:\Practise Work\ReturnGaurd\frontend
npm error workspace returnguard-frontend@0.0.0
npm error location F:\Practise Work\ReturnGaurd\frontend
npm error command failed
npm error command C:\WINDOWS\system32\cmd.exe /d /s /c tsc && vite build
